
> global-pulse:-real-time-world-events@0.0.0 build
> vite build

[36mvite v6.4.1 [32mbuilding for production...[36m[39m
node.exe : 
At C:\Program Files\nodejs\npm.ps1:29 char:3
+   & $NODE_EXE $NPM_CLI_JS $args
+   ~~~~~~~~~~~~~~~~~~~~~~~~~~~~~
    + CategoryInfo              : NotSpe    cified: (:String    ) [], RemoteExce    ption
    + FullyQualified    ErrorId : Native    CommandError
 
/index.css doesn't exist at build time, it will remain unchanged to be resolved at runtime
transforming...
[32mΓ£ô[39m 1704 modules transformed.
[31mΓ£ù[39m Build failed in 30.03s
[31merror during build:
[31m[vite]: Rollup failed to resolve import "@supabase/supabase-js" from "C:/Users/Faithful/Downloads/global-pulse_-real-time-world-events 
(1)/services/databaseService.ts".
This is most likely unintended because it can break your application at runtime.
If you do want to externalize this module explicitly add it to
`build.rollupOptions.external`[31m
    at viteLog 
(file:///C:/Users/Faithful/Downloads/global-pulse_-real-time-world-events%20(1)/node_modules/vite/dist/node/chunks/dep-D4NMHUTW.js:46374:15)
    at file:///C:/Users/Faithful/Downloads/global-pulse_-real-time-world-events%20(1)/node_modules/vite/dist/node/chunks/dep-D4NMHUTW.js:46432:18
    at onwarn (file:///C:/Users/Faithful/Downloads/global-pulse_-real-time-world-events%20(1)/node_modules/@vitejs/plugin-react/dist/index.js:76:7)
    at file:///C:/Users/Faithful/Downloads/global-pulse_-real-time-world-events%20(1)/node_modules/vite/dist/node/chunks/dep-D4NMHUTW.js:46430:7
    at onRollupLog 
(file:///C:/Users/Faithful/Downloads/global-pulse_-real-time-world-events%20(1)/node_modules/vite/dist/node/chunks/dep-D4NMHUTW.js:46422:5)
    at onLog 
(file:///C:/Users/Faithful/Downloads/global-pulse_-real-time-world-events%20(1)/node_modules/vite/dist/node/chunks/dep-D4NMHUTW.js:46072:7)
    at file:///C:/Users/Faithful/Downloads/global-pulse_-real-time-world-events%20(1)/node_modules/rollup/dist/es/shared/node-entry.js:21081:32
    at Object.logger [as onLog] 
(file:///C:/Users/Faithful/Downloads/global-pulse_-real-time-world-events%20(1)/node_modules/rollup/dist/es/shared/node-entry.js:22968:9)
    at ModuleLoader.handleInvalidResolvedId 
(file:///C:/Users/Faithful/Downloads/global-pulse_-real-time-world-events%20(1)/node_modules/rollup/dist/es/shared/node-entry.js:21712:26)
    at file:///C:/Users/Faithful/Downloads/global-pulse_-real-time-world-events%20(1)/node_modules/rollup/dist/es/shared/node-entry.js:21670:26[39m
